// Jest Snapshot v1, https://goo.gl/fbAQLP

exports[`<PreviewContact /> renders correctly across screens 1`] = `
<RCTScrollView
  style={
    Object {
      "backgroundColor": "white",
      "flex": 1,
    }
  }
>
  <View>
    <View
      style={
        Object {
          "alignItems": "center",
          "marginBottom": 16,
          "marginTop": 32,
        }
      }
    >
      <View
        style={
          Array [
            Object {
              "alignItems": "center",
              "backgroundColor": "gray",
              "borderRadius": 60,
              "height": 120,
              "justifyContent": "center",
              "width": 120,
            },
            Object {
              "backgroundColor": undefined,
            },
          ]
        }
      >
        <Text
          style={
            Object {
              "color": "white",
              "fontSize": 32,
              "fontWeight": "bold",
            }
          }
        >
          EM
        </Text>
      </View>
    </View>
    <Text
      accessibilityRole="header"
      style={
        Object {
          "fontSize": 22,
          "textAlign": "center",
        }
      }
      testID="contact-name"
    >
      Elon
       
      Musk
    </Text>
    <View
      style={
        Object {
          "marginVertical": 8,
          "paddingHorizontal": 16,
        }
      }
    >
      <View
        style={
          Object {
            "alignItems": "center",
            "borderBottomColor": "#C9C9C9",
            "borderBottomWidth": 1,
            "flexDirection": "row",
            "paddingBottom": 12,
            "paddingTop": 8,
          }
        }
      >
        <View
          style={
            Object {
              "flex": 1,
            }
          }
        >
          <Text
            style={
              Object {
                "fontSize": 20,
              }
            }
          >
            +23493023902
          </Text>
          <Text
            style={
              Object {
                "color": "#6D6D6D",
                "fontSize": 12,
                "textTransform": "capitalize",
              }
            }
          >
            personal
          </Text>
        </View>
        <Text
          allowFontScaling={false}
          style={
            Array [
              Object {
                "color": undefined,
                "fontSize": 22,
              },
              Object {
                "marginHorizontal": 16,
              },
              Object {
                "fontFamily": "FontAwesome5Free-Solid",
                "fontStyle": "normal",
                "fontWeight": "normal",
              },
              Object {
                "fontWeight": "900",
              },
            ]
          }
        >
          
        </Text>
      </View>
    </View>
    <View
      style={
        Object {
          "marginVertical": 8,
          "paddingHorizontal": 16,
        }
      }
    >
      <View
        style={
          Object {
            "alignItems": "center",
            "borderBottomColor": "#C9C9C9",
            "borderBottomWidth": 1,
            "flexDirection": "row",
            "paddingBottom": 12,
            "paddingTop": 8,
          }
        }
      >
        <View
          style={
            Object {
              "flex": 1,
            }
          }
        >
          <Text
            style={
              Object {
                "fontSize": 16,
              }
            }
          >
            andre@gmail.com
          </Text>
          <Text
            style={
              Object {
                "color": "#6D6D6D",
                "fontSize": 12,
                "textTransform": "capitalize",
              }
            }
          >
            work
          </Text>
        </View>
        <Text
          allowFontScaling={false}
          style={
            Array [
              Object {
                "color": undefined,
                "fontSize": 22,
              },
              Object {
                "marginHorizontal": 16,
              },
              Object {
                "fontFamily": "Entypo",
                "fontStyle": "normal",
                "fontWeight": "normal",
              },
              Object {},
            ]
          }
        >
          
        </Text>
      </View>
    </View>
    <View
      style={
        Object {
          "flex": 1,
        }
      }
    />
    <View
      style={
        Object {
          "marginBottom": 16,
          "marginHorizontal": 16,
        }
      }
    >
      <View
        accessibilityLabel="Edit contact"
        accessibilityRole="button"
        accessible={true}
        collapsable={false}
        focusable={true}
        nativeID="animatedComponent"
        onClick={[Function]}
        onResponderGrant={[Function]}
        onResponderMove={[Function]}
        onResponderRelease={[Function]}
        onResponderTerminate={[Function]}
        onResponderTerminationRequest={[Function]}
        onStartShouldSetResponder={[Function]}
        style={
          Object {
            "opacity": 1,
          }
        }
      >
        <View
          style={
            Array [
              Object {},
            ]
          }
        >
          <Text
            style={
              Array [
                Object {
                  "color": "#007AFF",
                  "fontSize": 18,
                  "margin": 8,
                  "textAlign": "center",
                },
              ]
            }
          >
            Edit
          </Text>
        </View>
      </View>
    </View>
  </View>
</RCTScrollView>
`;
